ASxxxx Linker V03.00/V05.40 + sdld,  page 1.
Hexadecimal  [32-Bits]

Area                                    Addr        Size        Decimal Bytes (Attributes)
--------------------------------        ----        ----        ------- ----- ------------
CABS                                00000000    00000000 =           0. bytes (ABS,CON,CODE)

      Value  Global                              Global Defined In Module
      -----  --------------------------------   ------------------------
C:   00000000  l_BIT_BANK                      
C:   00000000  l_CABS                          
C:   00000000  l_GSINIT1                       
C:   00000000  l_GSINIT5                       
C:   00000000  l_IABS                          
C:   00000000  l_ISEG                          
C:   00000000  l_PSEG                          
C:   00000000  l_REG_BANK_1                    
C:   00000000  l_REG_BANK_2                    
C:   00000000  l_REG_BANK_3                    
C:   00000000  l_RSEG                          
C:   00000000  l_RSEG0                         
C:   00000000  l_RSEG1                         
C:   00000000  l_XABS                          
C:   00000000  l_XINIT                         
C:   00000000  l_XISEG                         
C:   00000000  l__CODE                         
C:   00000000  s_BSEG                          
C:   00000000  s_CABS                          
C:   00000000  s_DSEG                          
C:   00000000  s_HOME                          
C:   00000000  s_IABS                          
C:   00000000  s_ISEG                          
C:   00000000  s_REG_BANK_0                    
C:   00000000  s_RSEG                          
C:   00000000  s_RSEG0                         
C:   00000000  s_RSEG1                         
C:   00000000  s_XABS                          
C:   00000001  l_BSEG                          
C:   00000001  l_BSEG_BYTES                    
C:   00000001  s_PSEG                          
C:   00000001  s_XSEG                          
C:   00000003  l_GSFINAL                       
C:   00000003  l_GSINIT0                       
C:   00000008  l_REG_BANK_0                    
C:   00000008  s_REG_BANK_1                    
C:   00000009  l_GSINIT                        
C:   0000000A  l_GSINIT2                       
C:   0000000B  l_OSEG                          
C:   00000010  l_CONST                         
C:   00000010  s_REG_BANK_2                    
C:   00000018  s_BIT_BANK                      
C:   00000018  s_REG_BANK_3                    
C:   00000020  s_BSEG_BYTES                    
C:   00000020  s__CODE                         
C:   00000022  l_GSINIT3                       
C:   00000028  l_XSEG                          
C:   00000029  s_XISEG                         
C:   0000002A  l_GSINIT4                       
C:   0000004C  l_HOME                          
ASxxxx Linker V03.00/V05.40 + sdld,  page 2.
Hexadecimal  [32-Bits]

Area                                    Addr        Size        Decimal Bytes (Attributes)
--------------------------------        ----        ----        ------- ----- ------------
CABS                                00000000    00000000 =           0. bytes (ABS,CON,CODE)

      Value  Global                              Global Defined In Module
      -----  --------------------------------   ------------------------
C:   0000004C  s_GSINIT0                       
C:   0000004E  s_OSEG                          
C:   0000004F  s_GSINIT1                       
C:   0000004F  s_GSINIT2                       
C:   00000059  s_GSINIT3                       
C:   00000059  s_SSEG                          
C:   00000077  l_DSEG                          
C:   0000007B  s_GSINIT4                       
C:   000000A5  s_GSINIT                        
C:   000000A5  s_GSINIT5                       
C:   000000A7  l_SSEG                          
C:   000000AE  s_GSFINAL                       
C:   000000B1  s_CSEG                          
C:   00000100  l_IRAM                          
C:   00001A4A  l_CSEG                          
C:   00001AFB  s_CONST                         
C:   00001B0B  s_XINIT                         

ASxxxx Linker V03.00/V05.40 + sdld,  page 3.
Hexadecimal  [32-Bits]

Area                                    Addr        Size        Decimal Bytes (Attributes)
--------------------------------        ----        ----        ------- ----- ------------
.  .ABS.                            00000000    00000000 =           0. bytes (ABS,CON)

      Value  Global                              Global Defined In Module
      -----  --------------------------------   ------------------------
     00000000  .__.ABS.                           _startup
     00000080  _P0                                pgc
     00000080  _P0_0                              pgc
     00000081  _P0_1                              pgc
     00000081  _SP                                pgc
     00000082  _DPL                               pgc
     00000082  _P0_2                              pgc
     00000083  _DPH                               pgc
     00000083  _P0_3                              pgc
     00000084  _P0_4                              pgc
     00000085  _P0_5                              pgc
     00000086  _P0_6                              pgc
     00000087  _P0_7                              pgc
     00000087  _PCON                              pgc
     00000088  _IT0                               pgc
     00000088  _TCON                              pgc
     00000089  _IE0                               pgc
     00000089  _TMOD                              pgc
     0000008A  _IT1                               pgc
     0000008A  _TL0                               pgc
     0000008B  _IE1                               pgc
     0000008B  _TL1                               pgc
     0000008C  _TH0                               pgc
     0000008C  _TR0                               pgc
     0000008D  _TF0                               pgc
     0000008D  _TH1                               pgc
     0000008E  _TR1                               pgc
     0000008F  _TF1                               pgc
     00000090  _P1                                pgc
     00000090  _P1_0                              pgc
     00000090  _T2                                pgc
     00000091  _P1_1                              pgc
     00000091  _T2EX                              pgc
     00000092  _P1_2                              pgc
     00000093  _P1_3                              pgc
     00000094  _P1_4                              pgc
     00000095  _P1_5                              pgc
     00000096  _P1_6                              pgc
     00000097  _P1_7                              pgc
     00000098  _RI                                pgc
     00000098  _SCON                              pgc
     00000099  _SBUF                              pgc
     00000099  _TI                                pgc
     0000009A  _RB8                               pgc
     0000009B  _TB8                               pgc
     0000009C  _REN                               pgc
     0000009D  _SM2                               pgc
     0000009E  _SM1                               pgc
     0000009F  _SM0                               pgc
     000000A0  _P2                                pgc
ASxxxx Linker V03.00/V05.40 + sdld,  page 4.
Hexadecimal  [32-Bits]

Area                                    Addr        Size        Decimal Bytes (Attributes)
--------------------------------        ----        ----        ------- ----- ------------
.  .ABS.                            00000000    00000000 =           0. bytes (ABS,CON)

      Value  Global                              Global Defined In Module
      -----  --------------------------------   ------------------------
     000000A0  _P2_0                              pgc
     000000A0  __XPAGE                            
     000000A1  _P2_1                              pgc
     000000A2  _P2_2                              pgc
     000000A3  _P2_3                              pgc
     000000A4  _P2_4                              pgc
     000000A5  _P2_5                              pgc
     000000A6  _P2_6                              pgc
     000000A7  _P2_7                              pgc
     000000A8  _EX0                               pgc
     000000A8  _IE                                pgc
     000000A9  _ET0                               pgc
     000000AA  _EX1                               pgc
     000000AB  _ET1                               pgc
     000000AC  _ES                                pgc
     000000AD  _ET2                               pgc
     000000AF  _EA                                pgc
     000000B0  _P3                                pgc
     000000B0  _P3_0                              pgc
     000000B0  _RXD                               pgc
     000000B1  _P3_1                              pgc
     000000B1  _TXD                               pgc
     000000B2  _INT0                              pgc
     000000B2  _P3_2                              pgc
     000000B3  _INT1                              pgc
     000000B3  _P3_3                              pgc
     000000B4  _P3_4                              pgc
     000000B4  _T0                                pgc
     000000B5  _P3_5                              pgc
     000000B5  _T1                                pgc
     000000B6  _P3_6                              pgc
     000000B6  _WR                                pgc
     000000B7  _P3_7                              pgc
     000000B7  _RD                                pgc
     000000B8  _IP                                pgc
     000000B8  _PX0                               pgc
     000000B9  _PT0                               pgc
     000000BA  _PX1                               pgc
     000000BB  _PT1                               pgc
     000000BC  _PS                                pgc
     000000BD  _PT2                               pgc
     000000C8  _CP_RL2                            pgc
     000000C8  _T2CON                             pgc
     000000C8  _T2CON_0                           pgc
     000000C9  _C_T2                              pgc
     000000C9  _T2CON_1                           pgc
     000000C9  _T2MOD                             pgc
     000000CA  _RCAP2L                            pgc
     000000CA  _T2CON_2                           pgc
     000000CA  _TR2                               pgc
     000000CB  _EXEN2                             pgc
ASxxxx Linker V03.00/V05.40 + sdld,  page 5.
Hexadecimal  [32-Bits]

Area                                    Addr        Size        Decimal Bytes (Attributes)
--------------------------------        ----        ----        ------- ----- ------------
.  .ABS.                            00000000    00000000 =           0. bytes (ABS,CON)

      Value  Global                              Global Defined In Module
      -----  --------------------------------   ------------------------
     000000CB  _RCAP2H                            pgc
     000000CB  _T2CON_3                           pgc
     000000CC  _T2CON_4                           pgc
     000000CC  _TCLK                              pgc
     000000CC  _TL2                               pgc
     000000CD  _RCLK                              pgc
     000000CD  _T2CON_5                           pgc
     000000CD  _TH2                               pgc
     000000CE  _EXF2                              pgc
     000000CE  _T2CON_6                           pgc
     000000CF  _T2CON_7                           pgc
     000000CF  _TF2                               pgc
     000000D0  _P                                 pgc
     000000D0  _PSW                               pgc
     000000D1  _FL                                pgc
     000000D2  _OV                                pgc
     000000D3  _RS0                               pgc
     000000D4  _RS1                               pgc
     000000D5  _F0                                pgc
     000000D6  _AC                                pgc
     000000D7  _CY                                pgc
     000000E0  _A                                 pgc
     000000E0  _ACC                               pgc
     000000F0  _B                                 pgc
     000000F5  _B_5                               _gptrput
     000000F6  _B_6                               _gptrput
     000000F7  _B_7                               _gptrput

ASxxxx Linker V03.00/V05.40 + sdld,  page 6.
Hexadecimal  [32-Bits]

Area                                    Addr        Size        Decimal Bytes (Attributes)
--------------------------------        ----        ----        ------- ----- ------------
BSEG_BYTES                          00000020    00000001 =           1. bytes (REL,CON)

      Value  Global                              Global Defined In Module
      -----  --------------------------------   ------------------------
ASxxxx Linker V03.00/V05.40 + sdld,  page 7.
Hexadecimal  [32-Bits]

Area                                    Addr        Size        Decimal Bytes (Attributes)
--------------------------------        ----        ----        ------- ----- ------------
REG_BANK_0                          00000000    00000008 =           8. bytes (REL,OVR)

      Value  Global                              Global Defined In Module
      -----  --------------------------------   ------------------------
ASxxxx Linker V03.00/V05.40 + sdld,  page 8.
Hexadecimal  [32-Bits]

Area                                    Addr        Size        Decimal Bytes (Attributes)
--------------------------------        ----        ----        ------- ----- ------------
DSEG                                00000000    00000077 =         119. bytes (REL,CON)

      Value  Global                              Global Defined In Module
      -----  --------------------------------   ------------------------
     00000008  _atan2f_PARM_2                     atan2f
     00000014  _bp                                _bp
     00000015  _errno                             errno
     00000021  _MAX7219_Write_PARM_2              pgc
     00000022  _Display_Write_PARM_2              pgc
     00000026  _Display_Write_PARM_3              pgc
     0000002B  _throttle                          pgc
     0000002F  _gimbal                            pgc
     00000033  _PROG                              pgc
     00000034  _VERB                              pgc
     00000035  _NOUN                              pgc
     00000036  _a0_x                              pgc
     0000003A  _a0_y                              pgc
     0000003E  _t_go                              pgc
     00000042  _dsky_buffer                       pgc
     00000043  _dsky_state                        pgc
     00000044  _dsky_key_pressed                  pgc

ASxxxx Linker V03.00/V05.40 + sdld,  page 9.
Hexadecimal  [32-Bits]

Area                                    Addr        Size        Decimal Bytes (Attributes)
--------------------------------        ----        ----        ------- ----- ------------
OSEG                                0000004E    0000000B =          11. bytes (REL,OVR)

      Value  Global                              Global Defined In Module
      -----  --------------------------------   ------------------------
     0000004E  __divsint_PARM_2                   _divuint
     0000004E  __divslong_PARM_2                  _divulong
     0000004E  __divuint_PARM_2                   _divuint
     0000004E  __divulong_PARM_2                  _divulong
     0000004E  __gptrput_PARM_2                   _gptrput
     0000004E  __modslong_PARM_2                  _modulong
     0000004E  __modulong_PARM_2                  _modulong
     0000004E  _frexpf_PARM_2                     frexpf
     0000004E  _ldexpf_PARM_2                     ldexpf
ASxxxx Linker V03.00/V05.40 + sdld,  page 10.
Hexadecimal  [32-Bits]

Area                                    Addr        Size        Decimal Bytes (Attributes)
--------------------------------        ----        ----        ------- ----- ------------
SSEG                                00000059    000000A7 =         167. bytes (REL,OVR)

      Value  Global                              Global Defined In Module
      -----  --------------------------------   ------------------------
     00000059  __start__stack                     pgc

ASxxxx Linker V03.00/V05.40 + sdld,  page 11.
Hexadecimal  [32-Bits]

Area                                    Addr        Size        Decimal Bytes (Attributes)
--------------------------------        ----        ----        ------- ----- ------------
XSEG                                00000001    00000028 =          40. bytes (REL,CON,XDATA)

      Value  Global                              Global Defined In Module
      -----  --------------------------------   ------------------------
D:   00000001  _pos_x                             pgc
D:   00000005  _pos_y                             pgc
D:   00000009  _vel_x                             pgc
D:   0000000D  _vel_y                             pgc
D:   00000011  _angle                             pgc
D:   00000015  _ang_vel                           pgc
D:   00000019  _av_accel                          pgc
D:   0000001D  _av_accel_ang                      pgc
D:   00000021  _ut                                pgc
D:   00000025  _gravity_y                         pgc

ASxxxx Linker V03.00/V05.40 + sdld,  page 12.
Hexadecimal  [32-Bits]

Area                                    Addr        Size        Decimal Bytes (Attributes)
--------------------------------        ----        ----        ------- ----- ------------
HOME                                00000000    0000004C =          76. bytes (REL,CON,CODE)

      Value  Global                              Global Defined In Module
      -----  --------------------------------   ------------------------
C:   00000008  sdcc_atomic_exchange_rollback_st   pgc
C:   0000002F  sdcc_atomic_exchange_gptr_impl     pgc
C:   0000002F  sdcc_atomic_exchange_rollback_en   pgc
C:   0000003F  sdcc_atomic_compare_exchange_gpt   pgc
C:   00000049  __sdcc_program_startup             pgc

ASxxxx Linker V03.00/V05.40 + sdld,  page 13.
Hexadecimal  [32-Bits]

Area                                    Addr        Size        Decimal Bytes (Attributes)
--------------------------------        ----        ----        ------- ----- ------------
GSINIT0                             0000004C    00000003 =           3. bytes (REL,CON,CODE)

      Value  Global                              Global Defined In Module
      -----  --------------------------------   ------------------------
C:   0000004C  __sdcc_gsinit_startup              

ASxxxx Linker V03.00/V05.40 + sdld,  page 14.
Hexadecimal  [32-Bits]

Area                                    Addr        Size        Decimal Bytes (Attributes)
--------------------------------        ----        ----        ------- ----- ------------
GSINIT2                             0000004F    0000000A =          10. bytes (REL,CON,CODE)

      Value  Global                              Global Defined In Module
      -----  --------------------------------   ------------------------
ASxxxx Linker V03.00/V05.40 + sdld,  page 15.
Hexadecimal  [32-Bits]

Area                                    Addr        Size        Decimal Bytes (Attributes)
--------------------------------        ----        ----        ------- ----- ------------
GSINIT3                             00000059    00000022 =          34. bytes (REL,CON,CODE)

      Value  Global                              Global Defined In Module
      -----  --------------------------------   ------------------------
C:   00000059  __mcs51_genXINIT                   

ASxxxx Linker V03.00/V05.40 + sdld,  page 16.
Hexadecimal  [32-Bits]

Area                                    Addr        Size        Decimal Bytes (Attributes)
--------------------------------        ----        ----        ------- ----- ------------
GSINIT4                             0000007B    0000002A =          42. bytes (REL,CON,CODE)

      Value  Global                              Global Defined In Module
      -----  --------------------------------   ------------------------
C:   0000007B  __mcs51_genRAMCLEAR                
C:   00000081  __mcs51_genXRAMCLEAR               

ASxxxx Linker V03.00/V05.40 + sdld,  page 17.
Hexadecimal  [32-Bits]

Area                                    Addr        Size        Decimal Bytes (Attributes)
--------------------------------        ----        ----        ------- ----- ------------
GSINIT                              000000A5    00000009 =           9. bytes (REL,CON,CODE)

      Value  Global                              Global Defined In Module
      -----  --------------------------------   ------------------------
ASxxxx Linker V03.00/V05.40 + sdld,  page 18.
Hexadecimal  [32-Bits]

Area                                    Addr        Size        Decimal Bytes (Attributes)
--------------------------------        ----        ----        ------- ----- ------------
GSFINAL                             000000AE    00000003 =           3. bytes (REL,CON,CODE)

      Value  Global                              Global Defined In Module
      -----  --------------------------------   ------------------------
ASxxxx Linker V03.00/V05.40 + sdld,  page 19.
Hexadecimal  [32-Bits]

Area                                    Addr        Size        Decimal Bytes (Attributes)
--------------------------------        ----        ----        ------- ----- ------------
CSEG                                000000B1    00001A4A =        6730. bytes (REL,CON,CODE)

      Value  Global                              Global Defined In Module
      -----  --------------------------------   ------------------------
C:   000000B1  _Keyboard_Read                     pgc
C:   00000180  _MAX7219_SPI_Write_Byte            pgc
C:   00000194  _MAX7219_Select                    pgc
C:   0000019D  _MAX7219_Write                     pgc
C:   000001AF  _Display_Write                     pgc
C:   00000284  _Serial_SendByte                   pgc
C:   0000028D  _Serial_SendFloat                  pgc
C:   000002AD  _Serial_ReadByte                   pgc
C:   000002B6  _Serial_ReadFloat                  pgc
C:   000002E5  _Delay_polling                     pgc
C:   0000030B  _Delay_5us                         pgc
C:   00000310  _main                              pgc
C:   00000AA0  ___fssub                           _fssub
C:   00000AAB  __modulong                         _modulong
C:   00000B2E  ___fsmul                           _fsmul
C:   00000BD1  __divulong                         _divulong
C:   00000C36  fsgetargs                          _fsget2args
C:   00000C64  fs_normalize_a                     _fsnormalize
C:   00000C97  ___fs2slong                        _fs2slong
C:   00000CF2  _sqrtf                             sqrtf
C:   00000F41  fsgetarg                           _fsget1arg
C:   00000F53  ___fslt                            _fslt
C:   00000F83  _atan2f                            atan2f
C:   0000118D  __divuint                          _divuint
C:   000011B6  ___fsadd                           _fsadd
C:   000011B9  fsadd_direct_entry                 _fsadd
C:   0000120F  _fabsf                             fabsf
C:   00001268  __modslong                         _modslong
C:   000012B7  _ldexpf                            ldexpf
C:   0000134B  fs_compare_uint32                  _fscmp
C:   00001369  fs_check_negative_zeros            _fscmp
C:   00001394  __divslong                         _divslong
C:   000013E6  ___sint2fs                         _sint2fs
C:   000013F3  _atanf                             atanf
C:   00001862  _frexpf                            frexpf
C:   000018F7  fs_round_and_return                _fsreturnval
C:   0000190F  fs_zerocheck_return                _fsreturnval
C:   00001918  fs_return_zero                     _fsreturnval
C:   00001920  fs_direct_return                   _fsreturnval
C:   0000192E  fs_return_inf                      _fsreturnval
C:   0000193B  fs_return_nan                      _fsreturnval
C:   00001946  fs_swap_a_b                        _fsswapargs
C:   00001960  ___fsdiv                           _fsdiv
C:   00001A23  ___slong2fs                        _slong2fs
C:   00001A2C  slong2fs_doit                      _slong2fs
C:   00001A50  __divsint                          _divsint
C:   00001A88  fs_rshift_a                        _fsrshift
C:   00001ACB  ___fseq                            _fseq
C:   00001ADC  __gptrput                          _gptrput
C:   00001AF7  ___sdcc_external_startup           _startup

ASxxxx Linker V03.00/V05.40 + sdld,  page 20.
Hexadecimal  [32-Bits]

Area                                    Addr        Size        Decimal Bytes (Attributes)
--------------------------------        ----        ----        ------- ----- ------------
CONST                               00001AFB    00000010 =          16. bytes (REL,CON,CODE)

      Value  Global                              Global Defined In Module
      -----  --------------------------------   ------------------------
ASxxxx Linker V03.00/V05.40 + sdld,  page 21.

Files Linked                              [ module(s) ]

output/pgc.rel                            [  ]


Libraries Linked                          [ object file ]

/usr/bin/../share/sdcc/lib/small/libfloat.lib
                                          [ _fssub.rel ]
/usr/bin/../share/sdcc/lib/small/liblong.lib
                                          [ _modulong.rel ]
/usr/bin/../share/sdcc/lib/small/libfloat.lib
                                          [ _fsmul.rel ]
/usr/bin/../share/sdcc/lib/small/liblong.lib
                                          [ _divulong.rel ]
/usr/bin/../share/sdcc/lib/small/libfloat.lib
                                          [ _fsget2args.rel ]
/usr/bin/../share/sdcc/lib/small/mcs51.lib
                                          [ crtclear.rel ]
/usr/bin/../share/sdcc/lib/small/libfloat.lib
                                          [ _fsnormalize.rel ]
/usr/bin/../share/sdcc/lib/small/libfloat.lib
                                          [ _fs2slong.rel ]
/usr/bin/../share/sdcc/lib/small/mcs51.lib
                                          [ crtxinit.rel ]
/usr/bin/../share/sdcc/lib/small/libfloat.lib
                                          [ sqrtf.rel ]
/usr/bin/../share/sdcc/lib/small/libfloat.lib
                                          [ _fsget1arg.rel ]
/usr/bin/../share/sdcc/lib/small/libfloat.lib
                                          [ _fslt.rel ]
/usr/bin/../share/sdcc/lib/small/libfloat.lib
                                          [ atan2f.rel ]
/usr/bin/../share/sdcc/lib/small/libint.lib
                                          [ _divuint.rel ]
/usr/bin/../share/sdcc/lib/small/mcs51.lib
                                          [ crtxclear.rel ]
/usr/bin/../share/sdcc/lib/small/libfloat.lib
                                          [ _fsadd.rel ]
/usr/bin/../share/sdcc/lib/small/libfloat.lib
                                          [ fabsf.rel ]
/usr/bin/../share/sdcc/lib/small/liblong.lib
                                          [ _modslong.rel ]
/usr/bin/../share/sdcc/lib/small/libfloat.lib
                                          [ ldexpf.rel ]
/usr/bin/../share/sdcc/lib/small/libfloat.lib
                                          [ _fscmp.rel ]
/usr/bin/../share/sdcc/lib/small/liblong.lib
                                          [ _divslong.rel ]
/usr/bin/../share/sdcc/lib/small/libfloat.lib
                                          [ _sint2fs.rel ]
/usr/bin/../share/sdcc/lib/small/libfloat.lib
                                          [ atanf.rel ]
/usr/bin/../share/sdcc/lib/small/libfloat.lib
                                          [ frexpf.rel ]
/usr/bin/../share/sdcc/lib/small/libsdcc.lib
                                          [ _bp.rel ]
/usr/bin/../share/sdcc/lib/small/libfloat.lib
                                          [ _fsreturnval.rel ]
/usr/bin/../share/sdcc/lib/small/mcs51.lib
                                          [ crtpagesfr.rel ]
/usr/bin/../share/sdcc/lib/small/libfloat.lib
                                          [ _fsswapargs.rel ]
/usr/bin/../share/sdcc/lib/small/libfloat.lib
                                          [ _fsdiv.rel ]
/usr/bin/../share/sdcc/lib/small/mcs51.lib
                                          [ crtstart.rel ]
/usr/bin/../share/sdcc/lib/small/libfloat.lib
                                          [ _slong2fs.rel ]
/usr/bin/../share/sdcc/lib/small/libint.lib
                                          [ _divsint.rel ]
/usr/bin/../share/sdcc/lib/small/libfloat.lib
                                          [ errno.rel ]
/usr/bin/../share/sdcc/lib/small/libfloat.lib
                                          [ _fsrshift.rel ]
/usr/bin/../share/sdcc/lib/small/libfloat.lib
                                          [ _fseq.rel ]
/usr/bin/../share/sdcc/lib/small/libsdcc.lib
                                          [ _gptrput.rel ]
/usr/bin/../share/sdcc/lib/small/libsdcc.lib
                                          [ _startup.rel ]

ASxxxx Linker V03.00/V05.40 + sdld,  page 22.

User Base Address Definitions

HOME = 0x0000
XSEG = 0x0001
PSEG = 0x0001
ISEG = 0x0000
BSEG = 0x0000

