ASxxxx Linker V03.00/V05.40 + sdld,  page 1.
Hexadecimal  [32-Bits]

Area                                    Addr        Size        Decimal Bytes (Attributes)
--------------------------------        ----        ----        ------- ----- ------------
CABS                                00000000    00000000 =           0. bytes (ABS,CON,CODE)

      Value  Global                              Global Defined In Module
      -----  --------------------------------   ------------------------
C:   00000000  l_BIT_BANK                      
C:   00000000  l_CABS                          
C:   00000000  l_GSINIT1                       
C:   00000000  l_GSINIT5                       
C:   00000000  l_IABS                          
C:   00000000  l_ISEG                          
C:   00000000  l_PSEG                          
C:   00000000  l_REG_BANK_1                    
C:   00000000  l_REG_BANK_2                    
C:   00000000  l_REG_BANK_3                    
C:   00000000  l_RSEG                          
C:   00000000  l_RSEG0                         
C:   00000000  l_RSEG1                         
C:   00000000  l_XABS                          
C:   00000000  l_XINIT                         
C:   00000000  l_XISEG                         
C:   00000000  l_XSEG                          
C:   00000000  l__CODE                         
C:   00000000  s_BSEG                          
C:   00000000  s_CABS                          
C:   00000000  s_DSEG                          
C:   00000000  s_HOME                          
C:   00000000  s_IABS                          
C:   00000000  s_ISEG                          
C:   00000000  s_REG_BANK_0                    
C:   00000000  s_RSEG                          
C:   00000000  s_RSEG0                         
C:   00000000  s_RSEG1                         
C:   00000000  s_XABS                          
C:   00000001  l_BSEG                          
C:   00000001  l_BSEG_BYTES                    
C:   00000001  s_PSEG                          
C:   00000001  s_XISEG                         
C:   00000001  s_XSEG                          
C:   00000003  l_GSFINAL                       
C:   00000003  l_GSINIT0                       
C:   00000008  l_REG_BANK_0                    
C:   00000008  s_REG_BANK_1                    
C:   00000009  l_GSINIT                        
C:   0000000A  l_GSINIT2                       
C:   0000000B  l_OSEG                          
C:   00000010  l_CONST                         
C:   00000010  s_REG_BANK_2                    
C:   00000018  s_BIT_BANK                      
C:   00000018  s_REG_BANK_3                    
C:   00000020  s_BSEG_BYTES                    
C:   00000020  s__CODE                         
C:   00000022  l_GSINIT3                       
C:   0000002A  l_GSINIT4                       
C:   0000004C  l_HOME                          
ASxxxx Linker V03.00/V05.40 + sdld,  page 2.
Hexadecimal  [32-Bits]

Area                                    Addr        Size        Decimal Bytes (Attributes)
--------------------------------        ----        ----        ------- ----- ------------
CABS                                00000000    00000000 =           0. bytes (ABS,CON,CODE)

      Value  Global                              Global Defined In Module
      -----  --------------------------------   ------------------------
C:   0000004C  s_GSINIT0                       
C:   0000004F  s_GSINIT1                       
C:   0000004F  s_GSINIT2                       
C:   00000059  s_GSINIT3                       
C:   00000075  s_OSEG                          
C:   00000077  l_DSEG                          
C:   0000007B  s_GSINIT4                       
C:   00000080  l_SSEG                          
C:   00000080  s_SSEG                          
C:   000000A5  s_GSINIT                        
C:   000000A5  s_GSINIT5                       
C:   000000AE  s_GSFINAL                       
C:   000000B1  s_CSEG                          
C:   00000100  l_IRAM                          
C:   00001951  l_CSEG                          
C:   00001A02  s_CONST                         
C:   00001A12  s_XINIT                         

ASxxxx Linker V03.00/V05.40 + sdld,  page 3.
Hexadecimal  [32-Bits]

Area                                    Addr        Size        Decimal Bytes (Attributes)
--------------------------------        ----        ----        ------- ----- ------------
.  .ABS.                            00000000    00000000 =           0. bytes (ABS,CON)

      Value  Global                              Global Defined In Module
      -----  --------------------------------   ------------------------
     00000000  .__.ABS.                           _startup
     00000080  _P0                                pgc
     00000080  _P0_0                              pgc
     00000081  _P0_1                              pgc
     00000081  _SP                                pgc
     00000082  _DPL                               pgc
     00000082  _P0_2                              pgc
     00000083  _DPH                               pgc
     00000083  _P0_3                              pgc
     00000084  _P0_4                              pgc
     00000085  _P0_5                              pgc
     00000086  _P0_6                              pgc
     00000087  _P0_7                              pgc
     00000087  _PCON                              pgc
     00000088  _IT0                               pgc
     00000088  _TCON                              pgc
     00000089  _IE0                               pgc
     00000089  _TMOD                              pgc
     0000008A  _IT1                               pgc
     0000008A  _TL0                               pgc
     0000008B  _IE1                               pgc
     0000008B  _TL1                               pgc
     0000008C  _TH0                               pgc
     0000008C  _TR0                               pgc
     0000008D  _TF0                               pgc
     0000008D  _TH1                               pgc
     0000008E  _TR1                               pgc
     0000008F  _TF1                               pgc
     00000090  _P1                                pgc
     00000090  _P1_0                              pgc
     00000090  _T2                                pgc
     00000091  _P1_1                              pgc
     00000091  _T2EX                              pgc
     00000092  _P1_2                              pgc
     00000093  _P1_3                              pgc
     00000094  _P1_4                              pgc
     00000095  _P1_5                              pgc
     00000096  _P1_6                              pgc
     00000097  _P1_7                              pgc
     00000098  _RI                                pgc
     00000098  _SCON                              pgc
     00000099  _SBUF                              pgc
     00000099  _TI                                pgc
     0000009A  _RB8                               pgc
     0000009B  _TB8                               pgc
     0000009C  _REN                               pgc
     0000009D  _SM2                               pgc
     0000009E  _SM1                               pgc
     0000009F  _SM0                               pgc
     000000A0  _P2                                pgc
ASxxxx Linker V03.00/V05.40 + sdld,  page 4.
Hexadecimal  [32-Bits]

Area                                    Addr        Size        Decimal Bytes (Attributes)
--------------------------------        ----        ----        ------- ----- ------------
.  .ABS.                            00000000    00000000 =           0. bytes (ABS,CON)

      Value  Global                              Global Defined In Module
      -----  --------------------------------   ------------------------
     000000A0  _P2_0                              pgc
     000000A0  __XPAGE                            
     000000A1  _P2_1                              pgc
     000000A2  _P2_2                              pgc
     000000A3  _P2_3                              pgc
     000000A4  _P2_4                              pgc
     000000A5  _P2_5                              pgc
     000000A6  _P2_6                              pgc
     000000A7  _P2_7                              pgc
     000000A8  _EX0                               pgc
     000000A8  _IE                                pgc
     000000A9  _ET0                               pgc
     000000AA  _EX1                               pgc
     000000AB  _ET1                               pgc
     000000AC  _ES                                pgc
     000000AD  _ET2                               pgc
     000000AF  _EA                                pgc
     000000B0  _P3                                pgc
     000000B0  _P3_0                              pgc
     000000B0  _RXD                               pgc
     000000B1  _P3_1                              pgc
     000000B1  _TXD                               pgc
     000000B2  _INT0                              pgc
     000000B2  _P3_2                              pgc
     000000B3  _INT1                              pgc
     000000B3  _P3_3                              pgc
     000000B4  _P3_4                              pgc
     000000B4  _T0                                pgc
     000000B5  _P3_5                              pgc
     000000B5  _T1                                pgc
     000000B6  _P3_6                              pgc
     000000B6  _WR                                pgc
     000000B7  _P3_7                              pgc
     000000B7  _RD                                pgc
     000000B8  _IP                                pgc
     000000B8  _PX0                               pgc
     000000B9  _PT0                               pgc
     000000BA  _PX1                               pgc
     000000BB  _PT1                               pgc
     000000BC  _PS                                pgc
     000000BD  _PT2                               pgc
     000000C8  _CP_RL2                            pgc
     000000C8  _T2CON                             pgc
     000000C8  _T2CON_0                           pgc
     000000C9  _C_T2                              pgc
     000000C9  _T2CON_1                           pgc
     000000C9  _T2MOD                             pgc
     000000CA  _RCAP2L                            pgc
     000000CA  _T2CON_2                           pgc
     000000CA  _TR2                               pgc
     000000CB  _EXEN2                             pgc
ASxxxx Linker V03.00/V05.40 + sdld,  page 5.
Hexadecimal  [32-Bits]

Area                                    Addr        Size        Decimal Bytes (Attributes)
--------------------------------        ----        ----        ------- ----- ------------
.  .ABS.                            00000000    00000000 =           0. bytes (ABS,CON)

      Value  Global                              Global Defined In Module
      -----  --------------------------------   ------------------------
     000000CB  _RCAP2H                            pgc
     000000CB  _T2CON_3                           pgc
     000000CC  _T2CON_4                           pgc
     000000CC  _TCLK                              pgc
     000000CC  _TL2                               pgc
     000000CD  _RCLK                              pgc
     000000CD  _T2CON_5                           pgc
     000000CD  _TH2                               pgc
     000000CE  _EXF2                              pgc
     000000CE  _T2CON_6                           pgc
     000000CF  _T2CON_7                           pgc
     000000CF  _TF2                               pgc
     000000D0  _P                                 pgc
     000000D0  _PSW                               pgc
     000000D1  _FL                                pgc
     000000D2  _OV                                pgc
     000000D3  _RS0                               pgc
     000000D4  _RS1                               pgc
     000000D5  _F0                                pgc
     000000D6  _AC                                pgc
     000000D7  _CY                                pgc
     000000E0  _A                                 pgc
     000000E0  _ACC                               pgc
     000000F0  _B                                 pgc
     000000F5  _B_5                               _gptrput
     000000F6  _B_6                               _gptrput
     000000F7  _B_7                               _gptrput

ASxxxx Linker V03.00/V05.40 + sdld,  page 6.
Hexadecimal  [32-Bits]

Area                                    Addr        Size        Decimal Bytes (Attributes)
--------------------------------        ----        ----        ------- ----- ------------
BSEG_BYTES                          00000020    00000001 =           1. bytes (REL,CON)

      Value  Global                              Global Defined In Module
      -----  --------------------------------   ------------------------
ASxxxx Linker V03.00/V05.40 + sdld,  page 7.
Hexadecimal  [32-Bits]

Area                                    Addr        Size        Decimal Bytes (Attributes)
--------------------------------        ----        ----        ------- ----- ------------
REG_BANK_0                          00000000    00000008 =           8. bytes (REL,OVR)

      Value  Global                              Global Defined In Module
      -----  --------------------------------   ------------------------
ASxxxx Linker V03.00/V05.40 + sdld,  page 8.
Hexadecimal  [32-Bits]

Area                                    Addr        Size        Decimal Bytes (Attributes)
--------------------------------        ----        ----        ------- ----- ------------
DSEG                                00000000    00000077 =         119. bytes (REL,CON)

      Value  Global                              Global Defined In Module
      -----  --------------------------------   ------------------------
     00000008  _atan2f_PARM_2                     atan2f
     00000014  _bp                                _bp
     00000015  _errno                             errno
     00000021  _MAX7219_Write_PARM_2              pgc
     00000022  _MAX7219_WriteFloat_PARM_2         pgc
     0000002A  _MAX7219_WriteByte_PARM_2          pgc
     0000002B  _pos_x                             pgc
     0000002F  _pos_y                             pgc
     00000033  _vel_x                             pgc
     00000037  _vel_y                             pgc
     0000003B  _angle                             pgc
     0000003F  _ang_vel                           pgc
     00000043  _av_accel                          pgc
     00000047  _av_accel_ang                      pgc
     0000004B  _ut                                pgc
     0000004F  _gravity_y                         pgc
     00000053  _throttle                          pgc
     00000057  _gimbal                            pgc
     0000005B  _PROG                              pgc
     0000005C  _VERB                              pgc
     0000005D  _NOUN                              pgc
     0000005E  _a0_x                              pgc
     00000062  _a0_y                              pgc
     00000066  _t_go                              pgc
     0000006A  _dsky_buffer                       pgc
     0000006B  _dsky_state                        pgc
     0000006C  _dsky_key_pressed                  pgc
ASxxxx Linker V03.00/V05.40 + sdld,  page 9.
Hexadecimal  [32-Bits]

Area                                    Addr        Size        Decimal Bytes (Attributes)
--------------------------------        ----        ----        ------- ----- ------------
OSEG                                00000075    0000000B =          11. bytes (REL,OVR)

      Value  Global                              Global Defined In Module
      -----  --------------------------------   ------------------------
     00000075  __divsint_PARM_2                   _divuint
     00000075  __divslong_PARM_2                  _divulong
     00000075  __divuint_PARM_2                   _divuint
     00000075  __divulong_PARM_2                  _divulong
     00000075  __gptrput_PARM_2                   _gptrput
     00000075  __modslong_PARM_2                  _modulong
     00000075  __modulong_PARM_2                  _modulong
     00000075  _frexpf_PARM_2                     frexpf
     00000075  _ldexpf_PARM_2                     ldexpf
ASxxxx Linker V03.00/V05.40 + sdld,  page 10.
Hexadecimal  [32-Bits]

Area                                    Addr        Size        Decimal Bytes (Attributes)
--------------------------------        ----        ----        ------- ----- ------------
SSEG                                00000080    00000080 =         128. bytes (REL,OVR)

      Value  Global                              Global Defined In Module
      -----  --------------------------------   ------------------------
     00000080  __start__stack                     pgc

ASxxxx Linker V03.00/V05.40 + sdld,  page 11.
Hexadecimal  [32-Bits]

Area                                    Addr        Size        Decimal Bytes (Attributes)
--------------------------------        ----        ----        ------- ----- ------------
HOME                                00000000    0000004C =          76. bytes (REL,CON,CODE)

      Value  Global                              Global Defined In Module
      -----  --------------------------------   ------------------------
C:   00000008  sdcc_atomic_exchange_rollback_st   pgc
C:   0000002F  sdcc_atomic_exchange_gptr_impl     pgc
C:   0000002F  sdcc_atomic_exchange_rollback_en   pgc
C:   0000003F  sdcc_atomic_compare_exchange_gpt   pgc
C:   00000049  __sdcc_program_startup             pgc

ASxxxx Linker V03.00/V05.40 + sdld,  page 12.
Hexadecimal  [32-Bits]

Area                                    Addr        Size        Decimal Bytes (Attributes)
--------------------------------        ----        ----        ------- ----- ------------
GSINIT0                             0000004C    00000003 =           3. bytes (REL,CON,CODE)

      Value  Global                              Global Defined In Module
      -----  --------------------------------   ------------------------
C:   0000004C  __sdcc_gsinit_startup              

ASxxxx Linker V03.00/V05.40 + sdld,  page 13.
Hexadecimal  [32-Bits]

Area                                    Addr        Size        Decimal Bytes (Attributes)
--------------------------------        ----        ----        ------- ----- ------------
GSINIT2                             0000004F    0000000A =          10. bytes (REL,CON,CODE)

      Value  Global                              Global Defined In Module
      -----  --------------------------------   ------------------------
ASxxxx Linker V03.00/V05.40 + sdld,  page 14.
Hexadecimal  [32-Bits]

Area                                    Addr        Size        Decimal Bytes (Attributes)
--------------------------------        ----        ----        ------- ----- ------------
GSINIT3                             00000059    00000022 =          34. bytes (REL,CON,CODE)

      Value  Global                              Global Defined In Module
      -----  --------------------------------   ------------------------
C:   00000059  __mcs51_genXINIT                   

ASxxxx Linker V03.00/V05.40 + sdld,  page 15.
Hexadecimal  [32-Bits]

Area                                    Addr        Size        Decimal Bytes (Attributes)
--------------------------------        ----        ----        ------- ----- ------------
GSINIT4                             0000007B    0000002A =          42. bytes (REL,CON,CODE)

      Value  Global                              Global Defined In Module
      -----  --------------------------------   ------------------------
C:   0000007B  __mcs51_genRAMCLEAR                
C:   00000081  __mcs51_genXRAMCLEAR               

ASxxxx Linker V03.00/V05.40 + sdld,  page 16.
Hexadecimal  [32-Bits]

Area                                    Addr        Size        Decimal Bytes (Attributes)
--------------------------------        ----        ----        ------- ----- ------------
GSINIT                              000000A5    00000009 =           9. bytes (REL,CON,CODE)

      Value  Global                              Global Defined In Module
      -----  --------------------------------   ------------------------
ASxxxx Linker V03.00/V05.40 + sdld,  page 17.
Hexadecimal  [32-Bits]

Area                                    Addr        Size        Decimal Bytes (Attributes)
--------------------------------        ----        ----        ------- ----- ------------
GSFINAL                             000000AE    00000003 =           3. bytes (REL,CON,CODE)

      Value  Global                              Global Defined In Module
      -----  --------------------------------   ------------------------
ASxxxx Linker V03.00/V05.40 + sdld,  page 18.
Hexadecimal  [32-Bits]

Area                                    Addr        Size        Decimal Bytes (Attributes)
--------------------------------        ----        ----        ------- ----- ------------
CSEG                                000000B1    00001951 =        6481. bytes (REL,CON,CODE)

      Value  Global                              Global Defined In Module
      -----  --------------------------------   ------------------------
C:   000000B1  _Keyboard_Read                     pgc
C:   00000180  _MAX7219_SPI_Write_Byte            pgc
C:   0000019A  _MAX7219_Write                     pgc
C:   000001AC  _MAX7219_WriteFloat                pgc
C:   00000264  _MAX7219_WriteByte                 pgc
C:   000002A2  _Serial_SendByte                   pgc
C:   000002AB  _Serial_SendFloat                  pgc
C:   000002CB  _Serial_ReadByte                   pgc
C:   000002D4  _Serial_ReadFloat                  pgc
C:   00000303  _main                              pgc
C:   000009A7  ___fssub                           _fssub
C:   000009B2  __modulong                         _modulong
C:   00000A35  ___fsmul                           _fsmul
C:   00000AD8  __divulong                         _divulong
C:   00000B3D  fsgetargs                          _fsget2args
C:   00000B6B  fs_normalize_a                     _fsnormalize
C:   00000B9E  ___fs2slong                        _fs2slong
C:   00000BF9  _sqrtf                             sqrtf
C:   00000E48  fsgetarg                           _fsget1arg
C:   00000E5A  ___fslt                            _fslt
C:   00000E8A  _atan2f                            atan2f
C:   00001094  __divuint                          _divuint
C:   000010BD  ___fsadd                           _fsadd
C:   000010C0  fsadd_direct_entry                 _fsadd
C:   00001116  _fabsf                             fabsf
C:   0000116F  __modslong                         _modslong
C:   000011BE  _ldexpf                            ldexpf
C:   00001252  fs_compare_uint32                  _fscmp
C:   00001270  fs_check_negative_zeros            _fscmp
C:   0000129B  __divslong                         _divslong
C:   000012ED  ___sint2fs                         _sint2fs
C:   000012FA  _atanf                             atanf
C:   00001769  _frexpf                            frexpf
C:   000017FE  fs_round_and_return                _fsreturnval
C:   00001816  fs_zerocheck_return                _fsreturnval
C:   0000181F  fs_return_zero                     _fsreturnval
C:   00001827  fs_direct_return                   _fsreturnval
C:   00001835  fs_return_inf                      _fsreturnval
C:   00001842  fs_return_nan                      _fsreturnval
C:   0000184D  fs_swap_a_b                        _fsswapargs
C:   00001867  ___fsdiv                           _fsdiv
C:   0000192A  ___slong2fs                        _slong2fs
C:   00001933  slong2fs_doit                      _slong2fs
C:   00001957  __divsint                          _divsint
C:   0000198F  fs_rshift_a                        _fsrshift
C:   000019D2  ___fseq                            _fseq
C:   000019E3  __gptrput                          _gptrput
C:   000019FE  ___sdcc_external_startup           _startup
ASxxxx Linker V03.00/V05.40 + sdld,  page 19.
Hexadecimal  [32-Bits]

Area                                    Addr        Size        Decimal Bytes (Attributes)
--------------------------------        ----        ----        ------- ----- ------------
CONST                               00001A02    00000010 =          16. bytes (REL,CON,CODE)

      Value  Global                              Global Defined In Module
      -----  --------------------------------   ------------------------
ASxxxx Linker V03.00/V05.40 + sdld,  page 20.

Files Linked                              [ module(s) ]

output/pgc.rel                            [  ]


Libraries Linked                          [ object file ]

/usr/bin/../share/sdcc/lib/small/libfloat.lib
                                          [ _fssub.rel ]
/usr/bin/../share/sdcc/lib/small/liblong.lib
                                          [ _modulong.rel ]
/usr/bin/../share/sdcc/lib/small/libfloat.lib
                                          [ _fsmul.rel ]
/usr/bin/../share/sdcc/lib/small/liblong.lib
                                          [ _divulong.rel ]
/usr/bin/../share/sdcc/lib/small/libfloat.lib
                                          [ _fsget2args.rel ]
/usr/bin/../share/sdcc/lib/small/mcs51.lib
                                          [ crtclear.rel ]
/usr/bin/../share/sdcc/lib/small/libfloat.lib
                                          [ _fsnormalize.rel ]
/usr/bin/../share/sdcc/lib/small/libfloat.lib
                                          [ _fs2slong.rel ]
/usr/bin/../share/sdcc/lib/small/mcs51.lib
                                          [ crtxinit.rel ]
/usr/bin/../share/sdcc/lib/small/libfloat.lib
                                          [ sqrtf.rel ]
/usr/bin/../share/sdcc/lib/small/libfloat.lib
                                          [ _fsget1arg.rel ]
/usr/bin/../share/sdcc/lib/small/libfloat.lib
                                          [ _fslt.rel ]
/usr/bin/../share/sdcc/lib/small/libfloat.lib
                                          [ atan2f.rel ]
/usr/bin/../share/sdcc/lib/small/libint.lib
                                          [ _divuint.rel ]
/usr/bin/../share/sdcc/lib/small/mcs51.lib
                                          [ crtxclear.rel ]
/usr/bin/../share/sdcc/lib/small/libfloat.lib
                                          [ _fsadd.rel ]
/usr/bin/../share/sdcc/lib/small/libfloat.lib
                                          [ fabsf.rel ]
/usr/bin/../share/sdcc/lib/small/liblong.lib
                                          [ _modslong.rel ]
/usr/bin/../share/sdcc/lib/small/libfloat.lib
                                          [ ldexpf.rel ]
/usr/bin/../share/sdcc/lib/small/libfloat.lib
                                          [ _fscmp.rel ]
/usr/bin/../share/sdcc/lib/small/liblong.lib
                                          [ _divslong.rel ]
/usr/bin/../share/sdcc/lib/small/libfloat.lib
                                          [ _sint2fs.rel ]
/usr/bin/../share/sdcc/lib/small/libfloat.lib
                                          [ atanf.rel ]
/usr/bin/../share/sdcc/lib/small/libfloat.lib
                                          [ frexpf.rel ]
/usr/bin/../share/sdcc/lib/small/libsdcc.lib
                                          [ _bp.rel ]
/usr/bin/../share/sdcc/lib/small/libfloat.lib
                                          [ _fsreturnval.rel ]
/usr/bin/../share/sdcc/lib/small/mcs51.lib
                                          [ crtpagesfr.rel ]
/usr/bin/../share/sdcc/lib/small/libfloat.lib
                                          [ _fsswapargs.rel ]
/usr/bin/../share/sdcc/lib/small/libfloat.lib
                                          [ _fsdiv.rel ]
/usr/bin/../share/sdcc/lib/small/mcs51.lib
                                          [ crtstart.rel ]
/usr/bin/../share/sdcc/lib/small/libfloat.lib
                                          [ _slong2fs.rel ]
/usr/bin/../share/sdcc/lib/small/libint.lib
                                          [ _divsint.rel ]
/usr/bin/../share/sdcc/lib/small/libfloat.lib
                                          [ errno.rel ]
/usr/bin/../share/sdcc/lib/small/libfloat.lib
                                          [ _fsrshift.rel ]
/usr/bin/../share/sdcc/lib/small/libfloat.lib
                                          [ _fseq.rel ]
/usr/bin/../share/sdcc/lib/small/libsdcc.lib
                                          [ _gptrput.rel ]
/usr/bin/../share/sdcc/lib/small/libsdcc.lib
                                          [ _startup.rel ]

ASxxxx Linker V03.00/V05.40 + sdld,  page 21.

User Base Address Definitions

HOME = 0x0000
XSEG = 0x0001
PSEG = 0x0001
ISEG = 0x0000
BSEG = 0x0000

